Copyright 1986-2014 Xilinx, Inc. All Rights Reserved.
------------------------------------------------------------------------------------
| Tool Version : Vivado v.2014.4 (win64) Build 1071353 Tue Nov 18 18:24:04 MST 2014
| Date         : Fri Apr 17 18:01:18 2015
| Host         : Thinkpad running 64-bit Service Pack 1  (build 7601)
| Command      : report_control_sets -verbose -file top_control_sets_placed.rpt
| Design       : top
| Device       : xc7a100t
------------------------------------------------------------------------------------

Control Set Information

Table of Contents
-----------------
1. Summary
2. Flip-Flop Distribution
3. Detailed Control Set Information

1. Summary
----------

+-------------------------------------------------------------------+-------+
|                               Status                              | Count |
+-------------------------------------------------------------------+-------+
| Number of unique control sets                                     |   640 |
| Minimum Number of register sites lost to control set restrictions |    39 |
+-------------------------------------------------------------------+-------+


2. Flip-Flop Distribution
-------------------------

+--------------+-----------------------+------------------------+-----------------+--------------+
| Clock Enable | Synchronous Set/Reset | Asynchronous Set/Reset | Total Registers | Total Slices |
+--------------+-----------------------+------------------------+-----------------+--------------+
| No           | No                    | No                     |               7 |            3 |
| No           | No                    | Yes                    |               0 |            0 |
| No           | Yes                   | No                     |              26 |           13 |
| Yes          | No                    | No                     |              10 |            4 |
| Yes          | No                    | Yes                    |               0 |            0 |
| Yes          | Yes                   | No                     |              14 |            5 |
+--------------+-----------------------+------------------------+-----------------+--------------+


3. Detailed Control Set Information
-----------------------------------

+----------------+------------------------------------+------------------------------------+------------------+----------------+
|  Clock Signal  |            Enable Signal           |          Set/Reset Signal          | Slice Load Count | Bel Load Count |
+----------------+------------------------------------+------------------------------------+------------------+----------------+
|  clkdv/clk12   |                                    |                                    |                1 |              2 |
|  clkdv/clk100  |                                    |                                    |                1 |              2 |
|  clkdv/clkout0 |                                    |                                    |                1 |              3 |
|  clkdv/clk12   | mips/dp/regFile/E[0]               | reset_IBUF                         |                2 |              4 |
|  clkdv/clk100  | display/myvgatimer/xy/n_0_y[9]_i_1 |                                    |                4 |             10 |
|  clkdv/clk100  | display/myvgatimer/xy/Every4thTick | display/myvgatimer/xy/n_0_y[9]_i_1 |                3 |             10 |
|  clkdv/clk12   | mips/dp/regFile/O209               |                                    |                4 |             16 |
|  clkdv/clk12   | mips/dp/regFile/O21                |                                    |                4 |             16 |
|  clkdv/clk12   | mips/dp/regFile/O210               |                                    |                4 |             16 |
|  clkdv/clk12   | mips/dp/regFile/O211               |                                    |                4 |             16 |
|  clkdv/clk12   | mips/dp/regFile/O212               |                                    |                4 |             16 |
|  clkdv/clk12   | mips/dp/regFile/O213               |                                    |                4 |             16 |
|  clkdv/clk12   | mips/dp/regFile/O214               |                                    |                4 |             16 |
|  clkdv/clk12   | mips/dp/regFile/O215               |                                    |                4 |             16 |
|  clkdv/clk12   | mips/dp/regFile/O216               |                                    |                4 |             16 |
|  clkdv/clk12   | mips/dp/regFile/O217               |                                    |                4 |             16 |
|  clkdv/clk12   | mips/dp/regFile/O218               |                                    |                4 |             16 |
|  clkdv/clk12   | mips/dp/regFile/O219               |                                    |                4 |             16 |
|  clkdv/clk12   | mips/dp/regFile/O22                |                                    |                4 |             16 |
|  clkdv/clk12   | mips/dp/regFile/O220               |                                    |                4 |             16 |
|  clkdv/clk12   | mips/dp/regFile/O221               |                                    |                4 |             16 |
|  clkdv/clk12   | mips/dp/regFile/O222               |                                    |                4 |             16 |
|  clkdv/clk12   | mips/dp/regFile/O223               |                                    |                4 |             16 |
|  clkdv/clk12   | mips/dp/regFile/O224               |                                    |                4 |             16 |
|  clkdv/clk12   | mips/dp/regFile/O225               |                                    |                4 |             16 |
|  clkdv/clk12   | mips/dp/regFile/O226               |                                    |                4 |             16 |
|  clkdv/clk12   | mips/dp/regFile/O227               |                                    |                4 |             16 |
|  clkdv/clk12   | mips/dp/regFile/O228               |                                    |                4 |             16 |
|  clkdv/clk12   | mips/dp/regFile/O229               |                                    |                4 |             16 |
|  clkdv/clk12   | mips/dp/regFile/O23                |                                    |                4 |             16 |
|  clkdv/clk12   | mips/dp/regFile/O230               |                                    |                4 |             16 |
|  clkdv/clk12   | mips/dp/regFile/O231               |                                    |                4 |             16 |
|  clkdv/clk12   | mips/dp/regFile/O232               |                                    |                4 |             16 |
|  clkdv/clk12   | mips/dp/regFile/O233               |                                    |                4 |             16 |
|  clkdv/clk12   | mips/dp/regFile/O234               |                                    |                4 |             16 |
|  clkdv/clk12   | mips/dp/regFile/O235               |                                    |                4 |             16 |
|  clkdv/clk12   | mips/dp/regFile/O236               |                                    |                4 |             16 |
|  clkdv/clk12   | mips/dp/regFile/O237               |                                    |                4 |             16 |
|  clkdv/clk12   | mips/dp/regFile/O238               |                                    |                4 |             16 |
|  clkdv/clk12   | mips/dp/regFile/O239               |                                    |                4 |             16 |
|  clkdv/clk12   | mips/dp/regFile/O24                |                                    |                4 |             16 |
|  clkdv/clk12   | mips/dp/regFile/O240               |                                    |                4 |             16 |
|  clkdv/clk12   | mips/dp/regFile/O241               |                                    |                4 |             16 |
|  clkdv/clk12   | mips/dp/regFile/O242               |                                    |                4 |             16 |
|  clkdv/clk12   | mips/dp/regFile/O243               |                                    |                4 |             16 |
|  clkdv/clk12   | mips/dp/regFile/O244               |                                    |                4 |             16 |
|  clkdv/clk12   | mips/dp/regFile/O245               |                                    |                4 |             16 |
|  clkdv/clk12   | mips/dp/regFile/O246               |                                    |                4 |             16 |
|  clkdv/clk12   | mips/dp/regFile/O247               |                                    |                4 |             16 |
|  clkdv/clk12   | mips/dp/regFile/O248               |                                    |                4 |             16 |
|  clkdv/clk12   | mips/dp/regFile/O249               |                                    |                4 |             16 |
|  clkdv/clk12   | mips/dp/regFile/O25                |                                    |                4 |             16 |
|  clkdv/clk12   | mips/dp/regFile/O250               |                                    |                4 |             16 |
|  clkdv/clk12   | mips/dp/regFile/O251               |                                    |                4 |             16 |
|  clkdv/clk12   | mips/dp/regFile/O252               |                                    |                4 |             16 |
|  clkdv/clk12   | mips/dp/regFile/O253               |                                    |                4 |             16 |
|  clkdv/clk12   | mips/dp/regFile/O254               |                                    |                4 |             16 |
|  clkdv/clk12   | mips/dp/regFile/O255               |                                    |                4 |             16 |
|  clkdv/clk12   | mips/dp/regFile/O256               |                                    |                4 |             16 |
|  clkdv/clk12   | mips/dp/regFile/O257               |                                    |                4 |             16 |
|  clkdv/clk12   | mips/dp/regFile/O258               |                                    |                4 |             16 |
|  clkdv/clk12   | mips/dp/regFile/O259               |                                    |                4 |             16 |
|  clkdv/clk12   | mips/dp/regFile/O26                |                                    |                4 |             16 |
|  clkdv/clk12   | mips/dp/regFile/O260               |                                    |                4 |             16 |
|  clkdv/clk12   | mips/dp/regFile/O261               |                                    |                4 |             16 |
|  clkdv/clk12   | mips/dp/regFile/O262               |                                    |                4 |             16 |
|  clkdv/clk12   | mips/dp/regFile/O263               |                                    |                4 |             16 |
|  clkdv/clk12   | mips/dp/regFile/O264               |                                    |                4 |             16 |
|  clkdv/clk12   | mips/dp/regFile/O265               |                                    |                4 |             16 |
|  clkdv/clk12   | mips/dp/regFile/O266               |                                    |                4 |             16 |
|  clkdv/clk12   | mips/dp/regFile/O267               |                                    |                4 |             16 |
|  clkdv/clk12   | mips/dp/regFile/O268               |                                    |                4 |             16 |
|  clkdv/clk12   | mips/dp/regFile/O269               |                                    |                4 |             16 |
|  clkdv/clk12   | mips/dp/regFile/O27                |                                    |                4 |             16 |
|  clkdv/clk12   | mips/dp/regFile/O270               |                                    |                4 |             16 |
|  clkdv/clk12   | mips/dp/regFile/O271               |                                    |                4 |             16 |
|  clkdv/clk12   | mips/dp/regFile/O272               |                                    |                4 |             16 |
|  clkdv/clk12   | mips/dp/regFile/O273               |                                    |                4 |             16 |
|  clkdv/clk12   | mips/dp/regFile/O274               |                                    |                4 |             16 |
|  clkdv/clk12   | mips/dp/regFile/O275               |                                    |                4 |             16 |
|  clkdv/clk12   | mips/dp/regFile/O276               |                                    |                4 |             16 |
|  clkdv/clk12   | mips/dp/regFile/O277               |                                    |                4 |             16 |
|  clkdv/clk12   | mips/dp/regFile/O278               |                                    |                4 |             16 |
|  clkdv/clk12   | mips/dp/regFile/O279               |                                    |                4 |             16 |
|  clkdv/clk12   | mips/dp/regFile/O280               |                                    |                4 |             16 |
|  clkdv/clk12   | mips/dp/regFile/O281               |                                    |                4 |             16 |
|  clkdv/clk12   | mips/dp/regFile/O282               |                                    |                4 |             16 |
|  clkdv/clk12   | mips/dp/regFile/O283               |                                    |                4 |             16 |
|  clkdv/clk12   | mips/dp/regFile/O284               |                                    |                4 |             16 |
|  clkdv/clk12   | mips/dp/regFile/O285               |                                    |                4 |             16 |
|  clkdv/clk12   | mips/dp/regFile/O286               |                                    |                4 |             16 |
|  clkdv/clk12   | mips/dp/regFile/O287               |                                    |                4 |             16 |
|  clkdv/clk12   | mips/dp/regFile/O288               |                                    |                4 |             16 |
|  clkdv/clk12   | mips/dp/regFile/O289               |                                    |                4 |             16 |
|  clkdv/clk12   | mips/dp/regFile/O29                |                                    |                4 |             16 |
|  clkdv/clk12   | mips/dp/regFile/O290               |                                    |                4 |             16 |
|  clkdv/clk12   | mips/dp/regFile/O291               |                                    |                4 |             16 |
|  clkdv/clk12   | mips/dp/regFile/O292               |                                    |                4 |             16 |
|  clkdv/clk12   | mips/dp/regFile/O293               |                                    |                4 |             16 |
|  clkdv/clk12   | mips/dp/regFile/O294               |                                    |                4 |             16 |
|  clkdv/clk12   | mips/dp/regFile/O295               |                                    |                4 |             16 |
|  clkdv/clk12   | mips/dp/regFile/O296               |                                    |                4 |             16 |
|  clkdv/clk12   | mips/dp/regFile/O297               |                                    |                4 |             16 |
|  clkdv/clk12   | mips/dp/regFile/O298               |                                    |                4 |             16 |
|  clkdv/clk12   | mips/dp/regFile/O299               |                                    |                4 |             16 |
|  clkdv/clk12   | mips/dp/regFile/O300               |                                    |                4 |             16 |
|  clkdv/clk12   | mips/dp/regFile/O301               |                                    |                4 |             16 |
|  clkdv/clk12   | mips/dp/regFile/O302               |                                    |                4 |             16 |
|  clkdv/clk12   | mips/dp/regFile/O303               |                                    |                4 |             16 |
|  clkdv/clk12   | mips/dp/regFile/O304               |                                    |                4 |             16 |
|  clkdv/clk12   | mips/dp/regFile/O305               |                                    |                4 |             16 |
|  clkdv/clk12   | mips/dp/regFile/O306               |                                    |                4 |             16 |
|  clkdv/clk12   | mips/dp/regFile/O307               |                                    |                4 |             16 |
|  clkdv/clk12   | mips/dp/regFile/O308               |                                    |                4 |             16 |
|  clkdv/clk12   | mips/dp/regFile/O309               |                                    |                4 |             16 |
|  clkdv/clk12   | mips/dp/regFile/O31                |                                    |                4 |             16 |
|  clkdv/clk12   | mips/dp/regFile/O310               |                                    |                4 |             16 |
|  clkdv/clk12   | mips/dp/regFile/O311               |                                    |                4 |             16 |
|  clkdv/clk12   | mips/dp/regFile/O312               |                                    |                4 |             16 |
|  clkdv/clk12   | mips/dp/regFile/O313               |                                    |                4 |             16 |
|  clkdv/clk12   | mips/dp/regFile/O314               |                                    |                4 |             16 |
|  clkdv/clk12   | mips/dp/regFile/O315               |                                    |                4 |             16 |
|  clkdv/clk12   | mips/dp/regFile/O316               |                                    |                4 |             16 |
|  clkdv/clk12   | mips/dp/regFile/O317               |                                    |                4 |             16 |
|  clkdv/clk12   | mips/dp/regFile/O318               |                                    |                4 |             16 |
|  clkdv/clk12   | mips/dp/regFile/O319               |                                    |                4 |             16 |
|  clkdv/clk12   | mips/dp/regFile/O320               |                                    |                4 |             16 |
|  clkdv/clk12   | mips/dp/regFile/O321               |                                    |                4 |             16 |
|  clkdv/clk12   | mips/dp/regFile/O322               |                                    |                4 |             16 |
|  clkdv/clk12   | mips/dp/regFile/O323               |                                    |                4 |             16 |
|  clkdv/clk12   | mips/dp/regFile/O324               |                                    |                4 |             16 |
|  clkdv/clk12   | mips/dp/regFile/O325               |                                    |                4 |             16 |
|  clkdv/clk12   | mips/dp/regFile/O326               |                                    |                4 |             16 |
|  clkdv/clk12   | mips/dp/regFile/O327               |                                    |                4 |             16 |
|  clkdv/clk12   | mips/dp/regFile/O328               |                                    |                4 |             16 |
|  clkdv/clk12   | mips/dp/regFile/O329               |                                    |                4 |             16 |
|  clkdv/clk12   | mips/dp/regFile/O330               |                                    |                4 |             16 |
|  clkdv/clk12   | mips/dp/regFile/O331               |                                    |                4 |             16 |
|  clkdv/clk12   | mips/dp/regFile/O332               |                                    |                4 |             16 |
|  clkdv/clk12   | mips/dp/regFile/O333               |                                    |                4 |             16 |
|  clkdv/clk12   | mips/dp/regFile/O334               |                                    |                4 |             16 |
|  clkdv/clk12   | mips/dp/regFile/O335               |                                    |                4 |             16 |
|  clkdv/clk12   | mips/dp/regFile/O336               |                                    |                4 |             16 |
|  clkdv/clk12   | mips/dp/regFile/O337               |                                    |                4 |             16 |
|  clkdv/clk12   | mips/dp/regFile/O338               |                                    |                4 |             16 |
|  clkdv/clk12   | mips/dp/regFile/O339               |                                    |                4 |             16 |
|  clkdv/clk12   | mips/dp/regFile/O34                |                                    |                4 |             16 |
|  clkdv/clk12   | mips/dp/regFile/O340               |                                    |                4 |             16 |
|  clkdv/clk12   | mips/dp/regFile/O341               |                                    |                4 |             16 |
|  clkdv/clk12   | mips/dp/regFile/O342               |                                    |                4 |             16 |
|  clkdv/clk12   | mips/dp/regFile/O343               |                                    |                4 |             16 |
|  clkdv/clk12   | mips/dp/regFile/O344               |                                    |                4 |             16 |
|  clkdv/clk12   | mips/dp/regFile/O345               |                                    |                4 |             16 |
|  clkdv/clk12   | mips/dp/regFile/O346               |                                    |                4 |             16 |
|  clkdv/clk12   | mips/dp/regFile/O347               |                                    |                4 |             16 |
|  clkdv/clk12   | mips/dp/regFile/O348               |                                    |                4 |             16 |
|  clkdv/clk12   | mips/dp/regFile/O349               |                                    |                4 |             16 |
|  clkdv/clk12   | mips/dp/regFile/O35                |                                    |                4 |             16 |
|  clkdv/clk12   | mips/dp/regFile/O350               |                                    |                4 |             16 |
|  clkdv/clk12   | mips/dp/regFile/O351               |                                    |                4 |             16 |
|  clkdv/clk12   | mips/dp/regFile/O352               |                                    |                4 |             16 |
|  clkdv/clk12   | mips/dp/regFile/O353               |                                    |                4 |             16 |
|  clkdv/clk12   | mips/dp/regFile/O354               |                                    |                4 |             16 |
|  clkdv/clk12   | mips/dp/regFile/O355               |                                    |                4 |             16 |
|  clkdv/clk12   | mips/dp/regFile/O356               |                                    |                4 |             16 |
|  clkdv/clk12   | mips/dp/regFile/O357               |                                    |                4 |             16 |
|  clkdv/clk12   | mips/dp/regFile/O358               |                                    |                4 |             16 |
|  clkdv/clk12   | mips/dp/regFile/O359               |                                    |                4 |             16 |
|  clkdv/clk12   | mips/dp/regFile/O36                |                                    |                4 |             16 |
|  clkdv/clk12   | mips/dp/regFile/O360               |                                    |                4 |             16 |
|  clkdv/clk12   | mips/dp/regFile/O361               |                                    |                4 |             16 |
|  clkdv/clk12   | mips/dp/regFile/O362               |                                    |                4 |             16 |
|  clkdv/clk12   | mips/dp/regFile/O363               |                                    |                4 |             16 |
|  clkdv/clk12   | mips/dp/regFile/O364               |                                    |                4 |             16 |
|  clkdv/clk12   | mips/dp/regFile/O365               |                                    |                4 |             16 |
|  clkdv/clk12   | mips/dp/regFile/O366               |                                    |                4 |             16 |
|  clkdv/clk12   | mips/dp/regFile/O367               |                                    |                4 |             16 |
|  clkdv/clk12   | mips/dp/regFile/O368               |                                    |                4 |             16 |
|  clkdv/clk12   | mips/dp/regFile/O369               |                                    |                4 |             16 |
|  clkdv/clk12   | mips/dp/regFile/O37                |                                    |                4 |             16 |
|  clkdv/clk12   | mips/dp/regFile/O370               |                                    |                4 |             16 |
|  clkdv/clk12   | mips/dp/regFile/O371               |                                    |                4 |             16 |
|  clkdv/clk12   | mips/dp/regFile/O372               |                                    |                4 |             16 |
|  clkdv/clk12   | mips/dp/regFile/O373               |                                    |                4 |             16 |
|  clkdv/clk12   | mips/dp/regFile/O374               |                                    |                4 |             16 |
|  clkdv/clk12   | mips/dp/regFile/O375               |                                    |                4 |             16 |
|  clkdv/clk12   | mips/dp/regFile/O376               |                                    |                4 |             16 |
|  clkdv/clk12   | mips/dp/regFile/O377               |                                    |                4 |             16 |
|  clkdv/clk12   | mips/dp/regFile/O378               |                                    |                4 |             16 |
|  clkdv/clk12   | mips/dp/regFile/O379               |                                    |                4 |             16 |
|  clkdv/clk12   | mips/dp/regFile/O38                |                                    |                4 |             16 |
|  clkdv/clk12   | mips/dp/regFile/O380               |                                    |                4 |             16 |
|  clkdv/clk12   | mips/dp/regFile/O381               |                                    |                4 |             16 |
|  clkdv/clk12   | mips/dp/regFile/O382               |                                    |                4 |             16 |
|  clkdv/clk12   | mips/dp/regFile/O383               |                                    |                4 |             16 |
|  clkdv/clk12   | mips/dp/regFile/O384               |                                    |                4 |             16 |
|  clkdv/clk12   | mips/dp/regFile/O385               |                                    |                4 |             16 |
|  clkdv/clk12   | mips/dp/regFile/O386               |                                    |                4 |             16 |
|  clkdv/clk12   | mips/dp/regFile/O387               |                                    |                4 |             16 |
|  clkdv/clk12   | mips/dp/regFile/O388               |                                    |                4 |             16 |
|  clkdv/clk12   | mips/dp/regFile/O389               |                                    |                4 |             16 |
|  clkdv/clk12   | mips/dp/regFile/O39                |                                    |                4 |             16 |
|  clkdv/clk12   | mips/dp/regFile/O390               |                                    |                4 |             16 |
|  clkdv/clk12   | mips/dp/regFile/O391               |                                    |                4 |             16 |
|  clkdv/clk12   | mips/dp/regFile/O392               |                                    |                4 |             16 |
|  clkdv/clk12   | mips/dp/regFile/O393               |                                    |                4 |             16 |
|  clkdv/clk12   | mips/dp/regFile/O394               |                                    |                4 |             16 |
|  clkdv/clk12   | mips/dp/regFile/O395               |                                    |                4 |             16 |
|  clkdv/clk12   | mips/dp/regFile/O396               |                                    |                4 |             16 |
|  clkdv/clk12   | mips/dp/regFile/O397               |                                    |                4 |             16 |
|  clkdv/clk12   | mips/dp/regFile/O398               |                                    |                4 |             16 |
|  clkdv/clk12   | mips/dp/regFile/O399               |                                    |                4 |             16 |
|  clkdv/clk12   | mips/dp/regFile/O40                |                                    |                4 |             16 |
|  clkdv/clk12   | mips/dp/regFile/O400               |                                    |                4 |             16 |
|  clkdv/clk12   | mips/dp/regFile/O401               |                                    |                4 |             16 |
|  clkdv/clk12   | mips/dp/regFile/O402               |                                    |                4 |             16 |
|  clkdv/clk12   | mips/dp/regFile/O403               |                                    |                4 |             16 |
|  clkdv/clk12   | mips/dp/regFile/O404               |                                    |                4 |             16 |
|  clkdv/clk12   | mips/dp/regFile/O405               |                                    |                4 |             16 |
|  clkdv/clk12   | mips/dp/regFile/O406               |                                    |                4 |             16 |
|  clkdv/clk12   | mips/dp/regFile/O407               |                                    |                4 |             16 |
|  clkdv/clk12   | mips/dp/regFile/O408               |                                    |                4 |             16 |
|  clkdv/clk12   | mips/dp/regFile/O409               |                                    |                4 |             16 |
|  clkdv/clk12   | mips/dp/regFile/O41                |                                    |                4 |             16 |
|  clkdv/clk12   | mips/dp/regFile/O410               |                                    |                4 |             16 |
|  clkdv/clk12   | mips/dp/regFile/O411               |                                    |                4 |             16 |
|  clkdv/clk12   | mips/dp/regFile/O412               |                                    |                4 |             16 |
|  clkdv/clk12   | mips/dp/regFile/O413               |                                    |                4 |             16 |
|  clkdv/clk12   | mips/dp/regFile/O414               |                                    |                4 |             16 |
|  clkdv/clk12   | mips/dp/regFile/O415               |                                    |                4 |             16 |
|  clkdv/clk12   | mips/dp/regFile/O416               |                                    |                4 |             16 |
|  clkdv/clk12   | mips/dp/regFile/O417               |                                    |                4 |             16 |
|  clkdv/clk12   | mips/dp/regFile/O418               |                                    |                4 |             16 |
|  clkdv/clk12   | mips/dp/regFile/O419               |                                    |                4 |             16 |
|  clkdv/clk12   | mips/dp/regFile/O42                |                                    |                4 |             16 |
|  clkdv/clk12   | mips/dp/regFile/O420               |                                    |                4 |             16 |
|  clkdv/clk12   | mips/dp/regFile/O421               |                                    |                4 |             16 |
|  clkdv/clk12   | mips/dp/regFile/O422               |                                    |                4 |             16 |
|  clkdv/clk12   | mips/dp/regFile/O423               |                                    |                4 |             16 |
|  clkdv/clk12   | mips/dp/regFile/O424               |                                    |                4 |             16 |
|  clkdv/clk12   | mips/dp/regFile/O425               |                                    |                4 |             16 |
|  clkdv/clk12   | mips/dp/regFile/O426               |                                    |                4 |             16 |
|  clkdv/clk12   | mips/dp/regFile/O427               |                                    |                4 |             16 |
|  clkdv/clk12   | mips/dp/regFile/O428               |                                    |                4 |             16 |
|  clkdv/clk12   | mips/dp/regFile/O429               |                                    |                4 |             16 |
|  clkdv/clk12   | mips/dp/regFile/O43                |                                    |                4 |             16 |
|  clkdv/clk12   | mips/dp/regFile/O430               |                                    |                4 |             16 |
|  clkdv/clk12   | mips/dp/regFile/O431               |                                    |                4 |             16 |
|  clkdv/clk12   | mips/dp/regFile/O432               |                                    |                4 |             16 |
|  clkdv/clk12   | mips/dp/regFile/O433               |                                    |                4 |             16 |
|  clkdv/clk12   | mips/dp/regFile/O434               |                                    |                4 |             16 |
|  clkdv/clk12   | mips/dp/regFile/O435               |                                    |                4 |             16 |
|  clkdv/clk12   | mips/dp/regFile/O436               |                                    |                4 |             16 |
|  clkdv/clk12   | mips/dp/regFile/O437               |                                    |                4 |             16 |
|  clkdv/clk12   | mips/dp/regFile/O438               |                                    |                4 |             16 |
|  clkdv/clk12   | mips/dp/regFile/O439               |                                    |                4 |             16 |
|  clkdv/clk12   | mips/dp/regFile/O44                |                                    |                4 |             16 |
|  clkdv/clk12   | mips/dp/regFile/O440               |                                    |                4 |             16 |
|  clkdv/clk12   | mips/dp/regFile/O441               |                                    |                4 |             16 |
|  clkdv/clk12   | mips/dp/regFile/O442               |                                    |                4 |             16 |
|  clkdv/clk12   | mips/dp/regFile/O443               |                                    |                4 |             16 |
|  clkdv/clk12   | mips/dp/regFile/O444               |                                    |                4 |             16 |
|  clkdv/clk12   | mips/dp/regFile/O445               |                                    |                4 |             16 |
|  clkdv/clk12   | mips/dp/regFile/O446               |                                    |                4 |             16 |
|  clkdv/clk12   | mips/dp/regFile/O447               |                                    |                4 |             16 |
|  clkdv/clk12   | mips/dp/regFile/O448               |                                    |                4 |             16 |
|  clkdv/clk12   | mips/dp/regFile/O449               |                                    |                4 |             16 |
|  clkdv/clk12   | mips/dp/regFile/O45                |                                    |                4 |             16 |
|  clkdv/clk12   | mips/dp/regFile/O450               |                                    |                4 |             16 |
|  clkdv/clk12   | mips/dp/regFile/O451               |                                    |                4 |             16 |
|  clkdv/clk12   | mips/dp/regFile/O452               |                                    |                4 |             16 |
|  clkdv/clk12   | mips/dp/regFile/O453               |                                    |                4 |             16 |
|  clkdv/clk12   | mips/dp/regFile/O454               |                                    |                4 |             16 |
|  clkdv/clk12   | mips/dp/regFile/O455               |                                    |                4 |             16 |
|  clkdv/clk12   | mips/dp/regFile/O456               |                                    |                4 |             16 |
|  clkdv/clk12   | mips/dp/regFile/O457               |                                    |                4 |             16 |
|  clkdv/clk12   | mips/dp/regFile/O458               |                                    |                4 |             16 |
|  clkdv/clk12   | mips/dp/regFile/O459               |                                    |                4 |             16 |
|  clkdv/clk12   | mips/dp/regFile/O46                |                                    |                4 |             16 |
|  clkdv/clk12   | mips/dp/regFile/O460               |                                    |                4 |             16 |
|  clkdv/clk12   | mips/dp/regFile/O461               |                                    |                4 |             16 |
|  clkdv/clk12   | mips/dp/regFile/O462               |                                    |                4 |             16 |
|  clkdv/clk12   | mips/dp/regFile/O463               |                                    |                4 |             16 |
|  clkdv/clk12   | mips/dp/regFile/O464               |                                    |                4 |             16 |
|  clkdv/clk12   | mips/dp/regFile/O465               |                                    |                4 |             16 |
|  clkdv/clk12   | mips/dp/regFile/O466               |                                    |                4 |             16 |
|  clkdv/clk12   | mips/dp/regFile/O467               |                                    |                4 |             16 |
|  clkdv/clk12   | mips/dp/regFile/O468               |                                    |                4 |             16 |
|  clkdv/clk12   | mips/dp/regFile/O469               |                                    |                4 |             16 |
|  clkdv/clk12   | mips/dp/regFile/O47                |                                    |                4 |             16 |
|  clkdv/clk12   | mips/dp/regFile/O470               |                                    |                4 |             16 |
|  clkdv/clk12   | mips/dp/regFile/O471               |                                    |                4 |             16 |
|  clkdv/clk12   | mips/dp/regFile/O472               |                                    |                4 |             16 |
|  clkdv/clk12   | mips/dp/regFile/O473               |                                    |                4 |             16 |
|  clkdv/clk12   | mips/dp/regFile/O474               |                                    |                4 |             16 |
|  clkdv/clk12   | mips/dp/regFile/O475               |                                    |                4 |             16 |
|  clkdv/clk12   | mips/dp/regFile/O476               |                                    |                4 |             16 |
|  clkdv/clk12   | mips/dp/regFile/O477               |                                    |                4 |             16 |
|  clkdv/clk12   | mips/dp/regFile/O478               |                                    |                4 |             16 |
|  clkdv/clk12   | mips/dp/regFile/O479               |                                    |                4 |             16 |
|  clkdv/clk12   | mips/dp/regFile/O48                |                                    |                4 |             16 |
|  clkdv/clk12   | mips/dp/regFile/O480               |                                    |                4 |             16 |
|  clkdv/clk12   | mips/dp/regFile/O481               |                                    |                4 |             16 |
|  clkdv/clk12   | mips/dp/regFile/O482               |                                    |                4 |             16 |
|  clkdv/clk12   | mips/dp/regFile/O49                |                                    |                4 |             16 |
|  clkdv/clk12   | mips/dp/regFile/O51                |                                    |                4 |             16 |
|  clkdv/clk12   | mips/dp/regFile/O52                |                                    |                4 |             16 |
|  clkdv/clk12   | mips/dp/regFile/O53                |                                    |                4 |             16 |
|  clkdv/clk12   | mips/dp/regFile/O54                |                                    |                4 |             16 |
|  clkdv/clk12   | mips/dp/regFile/O545               |                                    |                4 |             16 |
|  clkdv/clk12   | mips/dp/regFile/O546               |                                    |                4 |             16 |
|  clkdv/clk12   | mips/dp/regFile/O547               |                                    |                4 |             16 |
|  clkdv/clk12   | mips/dp/regFile/O548               |                                    |                4 |             16 |
|  clkdv/clk12   | mips/dp/regFile/O55                |                                    |                4 |             16 |
|  clkdv/clk12   | mips/dp/regFile/O554               |                                    |                4 |             16 |
|  clkdv/clk12   | mips/dp/regFile/O555               |                                    |                4 |             16 |
|  clkdv/clk12   | mips/dp/regFile/O556               |                                    |                4 |             16 |
|  clkdv/clk12   | mips/dp/regFile/O557               |                                    |                4 |             16 |
|  clkdv/clk12   | mips/dp/regFile/O558               |                                    |                4 |             16 |
|  clkdv/clk12   | mips/dp/regFile/O559               |                                    |                4 |             16 |
|  clkdv/clk12   | mips/dp/regFile/O56                |                                    |                4 |             16 |
|  clkdv/clk12   | mips/dp/regFile/O560               |                                    |                4 |             16 |
|  clkdv/clk12   | mips/dp/regFile/O561               |                                    |                4 |             16 |
|  clkdv/clk12   | mips/dp/regFile/O562               |                                    |                4 |             16 |
|  clkdv/clk12   | mips/dp/regFile/O563               |                                    |                4 |             16 |
|  clkdv/clk12   | mips/dp/regFile/O564               |                                    |                4 |             16 |
|  clkdv/clk12   | mips/dp/regFile/O565               |                                    |                4 |             16 |
|  clkdv/clk12   | mips/dp/regFile/O566               |                                    |                4 |             16 |
|  clkdv/clk12   | mips/dp/regFile/O567               |                                    |                4 |             16 |
|  clkdv/clk12   | mips/dp/regFile/O568               |                                    |                4 |             16 |
|  clkdv/clk12   | mips/dp/regFile/O569               |                                    |                4 |             16 |
|  clkdv/clk12   | mips/dp/regFile/O570               |                                    |                4 |             16 |
|  clkdv/clk12   | mips/dp/regFile/O571               |                                    |                4 |             16 |
|  clkdv/clk12   | mips/dp/regFile/O572               |                                    |                4 |             16 |
|  clkdv/clk12   | mips/dp/regFile/O573               |                                    |                4 |             16 |
|  clkdv/clk12   | mips/dp/regFile/O574               |                                    |                4 |             16 |
|  clkdv/clk12   | mips/dp/regFile/O575               |                                    |                4 |             16 |
|  clkdv/clk12   | mips/dp/regFile/O576               |                                    |                4 |             16 |
|  clkdv/clk12   | mips/dp/regFile/O577               |                                    |                4 |             16 |
|  clkdv/clk12   | mips/dp/regFile/O578               |                                    |                4 |             16 |
|  clkdv/clk12   | mips/dp/regFile/O579               |                                    |                4 |             16 |
|  clkdv/clk12   | mips/dp/regFile/O580               |                                    |                4 |             16 |
|  clkdv/clk12   | mips/dp/regFile/O581               |                                    |                4 |             16 |
|  clkdv/clk12   | mips/dp/regFile/O582               |                                    |                4 |             16 |
|  clkdv/clk12   | mips/dp/regFile/O583               |                                    |                4 |             16 |
|  clkdv/clk12   | mips/dp/regFile/O584               |                                    |                4 |             16 |
|  clkdv/clk12   | mips/dp/regFile/O585               |                                    |                4 |             16 |
|  clkdv/clk12   | mips/dp/regFile/O586               |                                    |                4 |             16 |
|  clkdv/clk12   | mips/dp/regFile/O587               |                                    |                4 |             16 |
|  clkdv/clk12   | mips/dp/regFile/O588               |                                    |                4 |             16 |
|  clkdv/clk12   | mips/dp/regFile/O589               |                                    |                4 |             16 |
|  clkdv/clk12   | mips/dp/regFile/O590               |                                    |                4 |             16 |
|  clkdv/clk12   | mips/dp/regFile/O591               |                                    |                4 |             16 |
|  clkdv/clk12   | mips/dp/regFile/O592               |                                    |                4 |             16 |
|  clkdv/clk12   | mips/dp/regFile/O593               |                                    |                4 |             16 |
|  clkdv/clk12   | mips/dp/regFile/O594               |                                    |                4 |             16 |
|  clkdv/clk12   | mips/dp/regFile/O595               |                                    |                4 |             16 |
|  clkdv/clk12   | mips/dp/regFile/O596               |                                    |                4 |             16 |
|  clkdv/clk12   | mips/dp/regFile/O597               |                                    |                4 |             16 |
|  clkdv/clk12   | mips/dp/regFile/O598               |                                    |                4 |             16 |
|  clkdv/clk12   | mips/dp/regFile/O599               |                                    |                4 |             16 |
|  clkdv/clk12   | mips/dp/regFile/O60                |                                    |                4 |             16 |
|  clkdv/clk12   | mips/dp/regFile/O600               |                                    |                4 |             16 |
|  clkdv/clk12   | mips/dp/regFile/O601               |                                    |                4 |             16 |
|  clkdv/clk12   | mips/dp/regFile/O602               |                                    |                4 |             16 |
|  clkdv/clk12   | mips/dp/regFile/O603               |                                    |                4 |             16 |
|  clkdv/clk12   | mips/dp/regFile/O604               |                                    |                4 |             16 |
|  clkdv/clk12   | mips/dp/regFile/O605               |                                    |                4 |             16 |
|  clkdv/clk12   | mips/dp/regFile/O606               |                                    |                4 |             16 |
|  clkdv/clk12   | mips/dp/regFile/O607               |                                    |                4 |             16 |
|  clkdv/clk12   | mips/dp/regFile/O608               |                                    |                4 |             16 |
|  clkdv/clk12   | mips/dp/regFile/O609               |                                    |                4 |             16 |
|  clkdv/clk12   | mips/dp/regFile/O61                |                                    |                4 |             16 |
|  clkdv/clk12   | mips/dp/regFile/O610               |                                    |                4 |             16 |
|  clkdv/clk12   | mips/dp/regFile/O611               |                                    |                4 |             16 |
|  clkdv/clk12   | mips/dp/regFile/O612               |                                    |                4 |             16 |
|  clkdv/clk12   | mips/dp/regFile/O613               |                                    |                4 |             16 |
|  clkdv/clk12   | mips/dp/regFile/O614               |                                    |                4 |             16 |
|  clkdv/clk12   | mips/dp/regFile/O615               |                                    |                4 |             16 |
|  clkdv/clk12   | mips/dp/regFile/O616               |                                    |                4 |             16 |
|  clkdv/clk12   | mips/dp/regFile/O617               |                                    |                4 |             16 |
|  clkdv/clk12   | mips/dp/regFile/O618               |                                    |                4 |             16 |
|  clkdv/clk12   | mips/dp/regFile/O619               |                                    |                4 |             16 |
|  clkdv/clk12   | mips/dp/regFile/O62                |                                    |                4 |             16 |
|  clkdv/clk12   | mips/dp/regFile/O620               |                                    |                4 |             16 |
|  clkdv/clk12   | mips/dp/regFile/O621               |                                    |                4 |             16 |
|  clkdv/clk12   | mips/dp/regFile/O622               |                                    |                4 |             16 |
|  clkdv/clk12   | mips/dp/regFile/O623               |                                    |                4 |             16 |
|  clkdv/clk12   | mips/dp/regFile/O624               |                                    |                4 |             16 |
|  clkdv/clk12   | mips/dp/regFile/O625               |                                    |                4 |             16 |
|  clkdv/clk12   | mips/dp/regFile/O626               |                                    |                4 |             16 |
|  clkdv/clk12   | mips/dp/regFile/O627               |                                    |                4 |             16 |
|  clkdv/clk12   | mips/dp/regFile/O628               |                                    |                4 |             16 |
|  clkdv/clk12   | mips/dp/regFile/O629               |                                    |                4 |             16 |
|  clkdv/clk12   | mips/dp/regFile/O63                |                                    |                4 |             16 |
|  clkdv/clk12   | mips/dp/regFile/O630               |                                    |                4 |             16 |
|  clkdv/clk12   | mips/dp/regFile/O631               |                                    |                4 |             16 |
|  clkdv/clk12   | mips/dp/regFile/O632               |                                    |                4 |             16 |
|  clkdv/clk12   | mips/dp/regFile/O633               |                                    |                4 |             16 |
|  clkdv/clk12   | mips/dp/regFile/O634               |                                    |                4 |             16 |
|  clkdv/clk12   | mips/dp/regFile/O635               |                                    |                4 |             16 |
|  clkdv/clk12   | mips/dp/regFile/O636               |                                    |                4 |             16 |
|  clkdv/clk12   | mips/dp/regFile/O637               |                                    |                4 |             16 |
|  clkdv/clk12   | mips/dp/regFile/O638               |                                    |                4 |             16 |
|  clkdv/clk12   | mips/dp/regFile/O639               |                                    |                4 |             16 |
|  clkdv/clk12   | mips/dp/regFile/O64                |                                    |                4 |             16 |
|  clkdv/clk12   | mips/dp/regFile/O640               |                                    |                4 |             16 |
|  clkdv/clk12   | mips/dp/regFile/O641               |                                    |                4 |             16 |
|  clkdv/clk12   | mips/dp/regFile/O642               |                                    |                4 |             16 |
|  clkdv/clk12   | mips/dp/regFile/O643               |                                    |                4 |             16 |
|  clkdv/clk12   | mips/dp/regFile/O644               |                                    |                4 |             16 |
|  clkdv/clk12   | mips/dp/regFile/O645               |                                    |                4 |             16 |
|  clkdv/clk12   | mips/dp/regFile/O646               |                                    |                4 |             16 |
|  clkdv/clk12   | mips/dp/regFile/O647               |                                    |                4 |             16 |
|  clkdv/clk12   | mips/dp/regFile/O648               |                                    |                4 |             16 |
|  clkdv/clk12   | mips/dp/regFile/O649               |                                    |                4 |             16 |
|  clkdv/clk12   | mips/dp/regFile/O65                |                                    |                4 |             16 |
|  clkdv/clk12   | mips/dp/regFile/O650               |                                    |                4 |             16 |
|  clkdv/clk12   | mips/dp/regFile/O651               |                                    |                4 |             16 |
|  clkdv/clk12   | mips/dp/regFile/O652               |                                    |                4 |             16 |
|  clkdv/clk12   | mips/dp/regFile/O653               |                                    |                4 |             16 |
|  clkdv/clk12   | mips/dp/regFile/O654               |                                    |                4 |             16 |
|  clkdv/clk12   | mips/dp/regFile/O655               |                                    |                4 |             16 |
|  clkdv/clk12   | mips/dp/regFile/O656               |                                    |                4 |             16 |
|  clkdv/clk12   | mips/dp/regFile/O657               |                                    |                4 |             16 |
|  clkdv/clk12   | mips/dp/regFile/O658               |                                    |                4 |             16 |
|  clkdv/clk12   | mips/dp/regFile/O659               |                                    |                4 |             16 |
|  clkdv/clk12   | mips/dp/regFile/O66                |                                    |                4 |             16 |
|  clkdv/clk12   | mips/dp/regFile/O660               |                                    |                4 |             16 |
|  clkdv/clk12   | mips/dp/regFile/O661               |                                    |                4 |             16 |
|  clkdv/clk12   | mips/dp/regFile/O662               |                                    |                4 |             16 |
|  clkdv/clk12   | mips/dp/regFile/O663               |                                    |                4 |             16 |
|  clkdv/clk12   | mips/dp/regFile/O664               |                                    |                4 |             16 |
|  clkdv/clk12   | mips/dp/regFile/O665               |                                    |                4 |             16 |
|  clkdv/clk12   | mips/dp/regFile/O666               |                                    |                4 |             16 |
|  clkdv/clk12   | mips/dp/regFile/O667               |                                    |                4 |             16 |
|  clkdv/clk12   | mips/dp/regFile/O668               |                                    |                4 |             16 |
|  clkdv/clk12   | mips/dp/regFile/O669               |                                    |                4 |             16 |
|  clkdv/clk12   | mips/dp/regFile/O670               |                                    |                4 |             16 |
|  clkdv/clk12   | mips/dp/regFile/O674               |                                    |                4 |             16 |
|  clkdv/clk12   | mips/dp/regFile/O675               |                                    |                4 |             16 |
|  clkdv/clk12   | mips/dp/regFile/O676               |                                    |                4 |             16 |
|  clkdv/clk12   | mips/dp/regFile/O677               |                                    |                4 |             16 |
|  clkdv/clk12   | mips/dp/regFile/O678               |                                    |                4 |             16 |
|  clkdv/clk12   | mips/dp/regFile/O679               |                                    |                4 |             16 |
|  clkdv/clk12   | mips/dp/regFile/O68                |                                    |                4 |             16 |
|  clkdv/clk12   | mips/dp/regFile/O680               |                                    |                4 |             16 |
|  clkdv/clk12   | mips/dp/regFile/O681               |                                    |                4 |             16 |
|  clkdv/clk12   | mips/dp/regFile/O682               |                                    |                4 |             16 |
|  clkdv/clk12   | mips/dp/regFile/O683               |                                    |                4 |             16 |
|  clkdv/clk12   | mips/dp/regFile/O684               |                                    |                4 |             16 |
|  clkdv/clk12   | mips/dp/regFile/O685               |                                    |                4 |             16 |
|  clkdv/clk12   | mips/dp/regFile/O69                |                                    |                4 |             16 |
|  clkdv/clk12   | mips/dp/regFile/O693               |                                    |                4 |             16 |
|  clkdv/clk12   | mips/dp/regFile/O694               |                                    |                4 |             16 |
|  clkdv/clk12   | mips/dp/regFile/O695               |                                    |                4 |             16 |
|  clkdv/clk12   | mips/dp/regFile/O696               |                                    |                4 |             16 |
|  clkdv/clk12   | mips/dp/regFile/O697               |                                    |                4 |             16 |
|  clkdv/clk12   | mips/dp/regFile/O698               |                                    |                4 |             16 |
|  clkdv/clk12   | mips/dp/regFile/O699               |                                    |                4 |             16 |
|  clkdv/clk12   | mips/dp/regFile/O70                |                                    |                4 |             16 |
|  clkdv/clk12   | mips/dp/regFile/O700               |                                    |                4 |             16 |
|  clkdv/clk12   | mips/dp/regFile/O706               |                                    |                4 |             16 |
|  clkdv/clk12   | mips/dp/regFile/O707               |                                    |                4 |             16 |
|  clkdv/clk12   | mips/dp/regFile/O709               |                                    |                4 |             16 |
|  clkdv/clk12   | mips/dp/regFile/O71                |                                    |                4 |             16 |
|  clkdv/clk12   | mips/dp/regFile/O710               |                                    |                4 |             16 |
|  clkdv/clk12   | mips/dp/regFile/O73                |                                    |                4 |             16 |
|  clkdv/clk12   | mips/dp/regFile/O74                |                                    |                4 |             16 |
|  clkdv/clk12   | mips/dp/regFile/O75                |                                    |                4 |             16 |
|  clkdv/clk12   | mips/dp/regFile/O76                |                                    |                4 |             16 |
|  clkdv/clk12   | mips/dp/regFile/O77                |                                    |                4 |             16 |
|  clkdv/clk12   | mips/dp/regFile/O78                |                                    |                4 |             16 |
|  clkdv/clk12   | mips/dp/regFile/O79                |                                    |                4 |             16 |
|  clkdv/clk12   | mips/dp/regFile/O8                 |                                    |                4 |             16 |
|  clkdv/clk12   | mips/dp/regFile/O80                |                                    |                4 |             16 |
|  clkdv/clk12   | mips/dp/regFile/O81                |                                    |                4 |             16 |
|  clkdv/clk12   | mips/dp/regFile/O82                |                                    |                4 |             16 |
|  clkdv/clk12   | mips/dp/regFile/O83                |                                    |                4 |             16 |
|  clkdv/clk12   | mips/dp/regFile/O84                |                                    |                4 |             16 |
|  clkdv/clk12   | mips/dp/regFile/O85                |                                    |                4 |             16 |
|  clkdv/clk12   | mips/dp/regFile/O88                |                                    |                4 |             16 |
|  clkdv/clk12   | mips/dp/regFile/O9                 |                                    |                4 |             16 |
|  clkdv/clk12   | mips/dp/regFile/O90                |                                    |                4 |             16 |
|  clkdv/clk12   | mips/dp/regFile/O91                |                                    |                4 |             16 |
|  clkdv/clk12   | mips/dp/regFile/O92                |                                    |                4 |             16 |
|  clkdv/clk12   | mips/dp/regFile/O93                |                                    |                4 |             16 |
|  clkdv/clk12   | mips/dp/regFile/O94                |                                    |                4 |             16 |
|  clkdv/clk12   | mips/dp/regFile/O95                |                                    |                4 |             16 |
|  clkdv/clk12   | mips/dp/regFile/O96                |                                    |                4 |             16 |
|  clkdv/clk12   | mips/dp/regFile/O97                |                                    |                4 |             16 |
|  clkdv/clk12   | mips/dp/regFile/O98                |                                    |                4 |             16 |
|  clkdv/clk12   | mips/dp/regFile/O99                |                                    |                4 |             16 |
|  clkdv/clk12   | mips/dp/regFile/O10                |                                    |                4 |             16 |
|  clkdv/clk12   | mips/dp/regFile/O100               |                                    |                4 |             16 |
|  clkdv/clk12   | mips/dp/regFile/O101               |                                    |                4 |             16 |
|  clkdv/clk12   | mips/dp/regFile/O102               |                                    |                4 |             16 |
|  clkdv/clk12   | mips/dp/regFile/O103               |                                    |                4 |             16 |
|  clkdv/clk12   | mips/dp/regFile/O104               |                                    |                4 |             16 |
|  clkdv/clk12   | mips/dp/regFile/O105               |                                    |                4 |             16 |
|  clkdv/clk12   | mips/dp/regFile/O106               |                                    |                4 |             16 |
|  clkdv/clk12   | mips/dp/regFile/O107               |                                    |                4 |             16 |
|  clkdv/clk12   | mips/dp/regFile/O108               |                                    |                4 |             16 |
|  clkdv/clk12   | mips/dp/regFile/O109               |                                    |                4 |             16 |
|  clkdv/clk12   | mips/dp/regFile/O11                |                                    |                4 |             16 |
|  clkdv/clk12   | mips/dp/regFile/O110               |                                    |                4 |             16 |
|  clkdv/clk12   | mips/dp/regFile/O111               |                                    |                4 |             16 |
|  clkdv/clk12   | mips/dp/regFile/O112               |                                    |                4 |             16 |
|  clkdv/clk12   | mips/dp/regFile/O113               |                                    |                4 |             16 |
|  clkdv/clk12   | mips/dp/regFile/O114               |                                    |                4 |             16 |
|  clkdv/clk12   | mips/dp/regFile/O115               |                                    |                4 |             16 |
|  clkdv/clk12   | mips/dp/regFile/O117               |                                    |                4 |             16 |
|  clkdv/clk12   | mips/dp/regFile/O118               |                                    |                4 |             16 |
|  clkdv/clk12   | mips/dp/regFile/O119               |                                    |                4 |             16 |
|  clkdv/clk12   | mips/dp/regFile/O12                |                                    |                4 |             16 |
|  clkdv/clk12   | mips/dp/regFile/O120               |                                    |                4 |             16 |
|  clkdv/clk12   | mips/dp/regFile/O121               |                                    |                4 |             16 |
|  clkdv/clk12   | mips/dp/regFile/O123               |                                    |                4 |             16 |
|  clkdv/clk12   | mips/dp/regFile/O124               |                                    |                4 |             16 |
|  clkdv/clk12   | mips/dp/regFile/O125               |                                    |                4 |             16 |
|  clkdv/clk12   | mips/dp/regFile/O126               |                                    |                4 |             16 |
|  clkdv/clk12   | mips/dp/regFile/O128               |                                    |                4 |             16 |
|  clkdv/clk12   | mips/dp/regFile/O129               |                                    |                4 |             16 |
|  clkdv/clk12   | mips/dp/regFile/O130               |                                    |                4 |             16 |
|  clkdv/clk12   | mips/dp/regFile/O131               |                                    |                4 |             16 |
|  clkdv/clk12   | mips/dp/regFile/O132               |                                    |                4 |             16 |
|  clkdv/clk12   | mips/dp/regFile/O133               |                                    |                4 |             16 |
|  clkdv/clk12   | mips/dp/regFile/O134               |                                    |                4 |             16 |
|  clkdv/clk12   | mips/dp/regFile/O135               |                                    |                4 |             16 |
|  clkdv/clk12   | mips/dp/regFile/O136               |                                    |                4 |             16 |
|  clkdv/clk12   | mips/dp/regFile/O708               |                                    |                4 |             16 |
|  clkdv/clk12   | mips/dp/regFile/O138               |                                    |                4 |             16 |
|  clkdv/clk12   | mips/dp/regFile/O139               |                                    |                4 |             16 |
|  clkdv/clk12   | mips/dp/regFile/O14                |                                    |                4 |             16 |
|  clkdv/clk12   | mips/dp/regFile/O140               |                                    |                4 |             16 |
|  clkdv/clk12   | mips/dp/regFile/O141               |                                    |                4 |             16 |
|  clkdv/clk12   | mips/dp/regFile/O142               |                                    |                4 |             16 |
|  clkdv/clk12   | mips/dp/regFile/O143               |                                    |                4 |             16 |
|  clkdv/clk12   | mips/dp/regFile/O144               |                                    |                4 |             16 |
|  clkdv/clk12   | mips/dp/regFile/O145               |                                    |                4 |             16 |
|  clkdv/clk12   | mips/dp/regFile/O146               |                                    |                4 |             16 |
|  clkdv/clk12   | mips/dp/regFile/O147               |                                    |                4 |             16 |
|  clkdv/clk12   | mips/dp/regFile/O148               |                                    |                4 |             16 |
|  clkdv/clk12   | mips/dp/regFile/O149               |                                    |                4 |             16 |
|  clkdv/clk12   | mips/dp/regFile/O15                |                                    |                4 |             16 |
|  clkdv/clk12   | mips/dp/regFile/O150               |                                    |                4 |             16 |
|  clkdv/clk12   | mips/dp/regFile/O151               |                                    |                4 |             16 |
|  clkdv/clk12   | mips/dp/regFile/O152               |                                    |                4 |             16 |
|  clkdv/clk12   | mips/dp/regFile/O153               |                                    |                4 |             16 |
|  clkdv/clk12   | mips/dp/regFile/O154               |                                    |                4 |             16 |
|  clkdv/clk12   | mips/dp/regFile/O155               |                                    |                4 |             16 |
|  clkdv/clk12   | mips/dp/regFile/O156               |                                    |                4 |             16 |
|  clkdv/clk12   | mips/dp/regFile/O157               |                                    |                4 |             16 |
|  clkdv/clk12   | mips/dp/regFile/O158               |                                    |                4 |             16 |
|  clkdv/clk12   | mips/dp/regFile/O159               |                                    |                4 |             16 |
|  clkdv/clk12   | mips/dp/regFile/O160               |                                    |                4 |             16 |
|  clkdv/clk12   | mips/dp/regFile/O161               |                                    |                4 |             16 |
|  clkdv/clk12   | mips/dp/regFile/O162               |                                    |                4 |             16 |
|  clkdv/clk12   | mips/dp/regFile/O163               |                                    |                4 |             16 |
|  clkdv/clk12   | mips/dp/regFile/O164               |                                    |                4 |             16 |
|  clkdv/clk12   | mips/dp/regFile/O165               |                                    |                4 |             16 |
|  clkdv/clk12   | mips/dp/regFile/O166               |                                    |                4 |             16 |
|  clkdv/clk12   | mips/dp/regFile/O167               |                                    |                4 |             16 |
|  clkdv/clk12   | mips/dp/regFile/O169               |                                    |                4 |             16 |
|  clkdv/clk12   | mips/dp/regFile/O170               |                                    |                4 |             16 |
|  clkdv/clk12   | mips/dp/regFile/O171               |                                    |                4 |             16 |
|  clkdv/clk12   | mips/dp/regFile/O172               |                                    |                4 |             16 |
|  clkdv/clk12   | mips/dp/regFile/O173               |                                    |                4 |             16 |
|  clkdv/clk12   | mips/dp/regFile/O174               |                                    |                4 |             16 |
|  clkdv/clk12   | mips/dp/regFile/O175               |                                    |                4 |             16 |
|  clkdv/clk12   | mips/dp/regFile/O176               |                                    |                4 |             16 |
|  clkdv/clk12   | mips/dp/regFile/O177               |                                    |                4 |             16 |
|  clkdv/clk12   | mips/dp/regFile/O178               |                                    |                4 |             16 |
|  clkdv/clk12   | mips/dp/regFile/O179               |                                    |                4 |             16 |
|  clkdv/clk12   | mips/dp/regFile/O18                |                                    |                4 |             16 |
|  clkdv/clk12   | mips/dp/regFile/O180               |                                    |                4 |             16 |
|  clkdv/clk12   | mips/dp/regFile/O181               |                                    |                4 |             16 |
|  clkdv/clk12   | mips/dp/regFile/O182               |                                    |                4 |             16 |
|  clkdv/clk12   | mips/dp/regFile/O183               |                                    |                4 |             16 |
|  clkdv/clk12   | mips/dp/regFile/O184               |                                    |                4 |             16 |
|  clkdv/clk12   | mips/dp/regFile/O185               |                                    |                4 |             16 |
|  clkdv/clk12   | mips/dp/regFile/O186               |                                    |                4 |             16 |
|  clkdv/clk12   | mips/dp/regFile/O187               |                                    |                4 |             16 |
|  clkdv/clk12   | mips/dp/regFile/O188               |                                    |                4 |             16 |
|  clkdv/clk12   | mips/dp/regFile/O189               |                                    |                4 |             16 |
|  clkdv/clk12   | mips/dp/regFile/O19                |                                    |                4 |             16 |
|  clkdv/clk12   | mips/dp/regFile/O190               |                                    |                4 |             16 |
|  clkdv/clk12   | mips/dp/regFile/O191               |                                    |                4 |             16 |
|  clkdv/clk12   | mips/dp/regFile/O192               |                                    |                4 |             16 |
|  clkdv/clk12   | mips/dp/regFile/O193               |                                    |                4 |             16 |
|  clkdv/clk12   | mips/dp/regFile/O194               |                                    |                4 |             16 |
|  clkdv/clk12   | mips/dp/regFile/O195               |                                    |                4 |             16 |
|  clkdv/clk12   | mips/dp/regFile/O196               |                                    |                4 |             16 |
|  clkdv/clk12   | mips/dp/regFile/O197               |                                    |                4 |             16 |
|  clkdv/clk12   | mips/dp/regFile/O198               |                                    |                4 |             16 |
|  clkdv/clk12   | mips/dp/regFile/O199               |                                    |                4 |             16 |
|  clkdv/clk12   | mips/dp/regFile/O200               |                                    |                4 |             16 |
|  clkdv/clk12   | mips/dp/regFile/O201               |                                    |                4 |             16 |
|  clkdv/clk12   | mips/dp/regFile/O202               |                                    |                4 |             16 |
|  clkdv/clk12   | mips/dp/regFile/O203               |                                    |                4 |             16 |
|  clkdv/clk12   | mips/dp/regFile/O204               |                                    |                4 |             16 |
|  clkdv/clk12   | mips/dp/regFile/O205               |                                    |                4 |             16 |
|  clkdv/clk12   | mips/dp/regFile/O206               |                                    |                4 |             16 |
|  clkdv/clk12   | mips/dp/regFile/O207               |                                    |                4 |             16 |
|  clkdv/clk12   | mips/dp/regFile/O208               |                                    |                4 |             16 |
|  clkdv/clk12   | mips/dp/regFile/O137               |                                    |                4 |             16 |
|  clkdv/clk12   |                                    | reset_IBUF                         |               13 |             26 |
|  clkdv/clk12   | mips/dp/regFile/wr                 |                                    |               12 |             96 |
|  clkdv/clk12   | mips/dp/regFile/O720               |                                    |               32 |            128 |
|  clkdv/clk12   | mips/dp/regFile/O721               |                                    |               32 |            128 |
|  clkdv/clk12   | mips/dp/regFile/O722               |                                    |               32 |            128 |
|  clkdv/clk12   | mips/dp/regFile/O723               |                                    |               32 |            128 |
|  clkdv/clk12   | mips/dp/regFile/O688               |                                    |               32 |            128 |
|  clkdv/clk12   | mips/dp/regFile/O689               |                                    |               32 |            128 |
|  clkdv/clk12   | mips/dp/regFile/O672               |                                    |               32 |            128 |
|  clkdv/clk12   | mips/dp/regFile/O690               |                                    |               32 |            128 |
|  clkdv/clk12   | mips/dp/regFile/O691               |                                    |               32 |            128 |
|  clkdv/clk12   | mips/dp/regFile/O701               |                                    |               32 |            128 |
|  clkdv/clk12   | mips/dp/regFile/O702               |                                    |               32 |            128 |
|  clkdv/clk12   | mips/dp/regFile/O703               |                                    |               32 |            128 |
|  clkdv/clk12   | mips/dp/regFile/O704               |                                    |               32 |            128 |
|  clkdv/clk12   | mips/dp/regFile/O705               |                                    |               32 |            128 |
|  clkdv/clk12   | mips/dp/regFile/O692               |                                    |               32 |            128 |
|  clkdv/clk12   | mips/dp/regFile/O673               |                                    |               32 |            128 |
|  clkdv/clk12   | mips/dp/regFile/O505               |                                    |               32 |            128 |
|  clkdv/clk12   | mips/dp/regFile/O671               |                                    |               32 |            128 |
|  clkdv/clk12   | mips/dp/regFile/O686               |                                    |               32 |            128 |
|  clkdv/clk12   | mips/dp/regFile/O687               |                                    |               32 |            128 |
|  clkdv/clk12   | mips/dp/regFile/O711               |                                    |               32 |            128 |
|  clkdv/clk12   | mips/dp/regFile/O712               |                                    |               32 |            128 |
|  clkdv/clk12   | mips/dp/regFile/O713               |                                    |               32 |            128 |
|  clkdv/clk12   | mips/dp/regFile/O714               |                                    |               32 |            128 |
|  clkdv/clk12   | mips/dp/regFile/O715               |                                    |               32 |            128 |
|  clkdv/clk12   | mips/dp/regFile/O716               |                                    |               32 |            128 |
|  clkdv/clk12   | mips/dp/regFile/O718               |                                    |               32 |            128 |
|  clkdv/clk12   | mips/dp/regFile/O504               |                                    |               32 |            128 |
|  clkdv/clk12   | mips/dp/regFile/O503               |                                    |               32 |            128 |
|  clkdv/clk12   | mips/dp/regFile/O502               |                                    |               32 |            128 |
|  clkdv/clk12   | mips/dp/regFile/O719               |                                    |               32 |            128 |
|  clkdv/clk12   | mips/dp/regFile/O717               |                                    |               32 |            128 |
+----------------+------------------------------------+------------------------------------+------------------+----------------+


